[0.120s] DEBUG:colcon:Command line arguments: ['/usr/bin/colcon', 'build']
[0.120s] DEBUG:colcon:Parsed command line arguments: Namespace(log_base=None, log_level=None, verb_name='build', build_base='build', install_base='install', merge_install=False, symlink_install=False, test_result_base=None, continue_on_error=False, executor='parallel', parallel_workers=8, event_handlers=None, ignore_user_meta=False, metas=['./colcon.meta'], base_paths=['.'], packages_ignore=None, packages_ignore_regex=None, paths=None, packages_up_to=None, packages_up_to_regex=None, packages_above=None, packages_above_and_dependencies=None, packages_above_depth=None, packages_select_by_dep=None, packages_skip_by_dep=None, packages_skip_up_to=None, packages_select_build_failed=False, packages_skip_build_finished=False, packages_select_test_failures=False, packages_skip_test_passed=False, packages_select=None, packages_skip=None, packages_select_regex=None, packages_skip_regex=None, packages_start=None, packages_end=None, allow_overriding=[], cmake_args=None, cmake_target=None, cmake_target_skip_unavailable=False, cmake_clean_cache=False, cmake_clean_first=False, cmake_force_configure=False, ament_cmake_args=None, catkin_cmake_args=None, catkin_skip_building_tests=False, mixin_files=None, mixin=None, verb_parser=<colcon_mixin.mixin.mixin_argument.MixinArgumentDecorator object at 0x7f3ab8146e90>, verb_extension=<colcon_core.verb.build.BuildVerb object at 0x7f3ab82904f0>, main=<bound method BuildVerb.main of <colcon_core.verb.build.BuildVerb object at 0x7f3ab82904f0>>, mixin_verb=('build',))
[0.164s] Level 1:colcon.colcon_core.package_discovery:discover_packages(colcon_meta) check parameters
[0.164s] Level 1:colcon.colcon_core.package_discovery:discover_packages(recursive) check parameters
[0.164s] Level 1:colcon.colcon_core.package_discovery:discover_packages(ignore) check parameters
[0.164s] Level 1:colcon.colcon_core.package_discovery:discover_packages(path) check parameters
[0.164s] Level 1:colcon.colcon_core.package_discovery:discover_packages(colcon_meta) discover
[0.164s] Level 1:colcon.colcon_core.package_discovery:discover_packages(recursive) discover
[0.164s] INFO:colcon.colcon_core.package_discovery:Crawling recursively for packages in '/home/hyunchangkang/ros2_ws/src/ecan_driver'
[0.164s] Level 1:colcon.colcon_core.package_identification:_identify(.) by extensions ['ignore', 'ignore_ament_install']
[0.164s] Level 1:colcon.colcon_core.package_identification:_identify(.) by extension 'ignore'
[0.164s] Level 1:colcon.colcon_core.package_identification:_identify(.) by extension 'ignore_ament_install'
[0.164s] Level 1:colcon.colcon_core.package_identification:_identify(.) by extensions ['colcon_pkg']
[0.164s] Level 1:colcon.colcon_core.package_identification:_identify(.) by extension 'colcon_pkg'
[0.164s] Level 1:colcon.colcon_core.package_identification:_identify(.) by extensions ['colcon_meta']
[0.164s] Level 1:colcon.colcon_core.package_identification:_identify(.) by extension 'colcon_meta'
[0.165s] Level 1:colcon.colcon_core.package_identification:_identify(.) by extensions ['ros']
[0.165s] Level 1:colcon.colcon_core.package_identification:_identify(.) by extension 'ros'
[0.187s] DEBUG:colcon.colcon_core.package_identification:Package '.' with type 'ros.ament_cmake' and name 'ecan_driver'
[0.187s] Level 1:colcon.colcon_core.package_discovery:discover_packages(recursive) using defaults
[0.188s] Level 1:colcon.colcon_core.package_discovery:discover_packages(ignore) discover
[0.188s] Level 1:colcon.colcon_core.package_discovery:discover_packages(ignore) using defaults
[0.188s] Level 1:colcon.colcon_core.package_discovery:discover_packages(path) discover
[0.188s] Level 1:colcon.colcon_core.package_discovery:discover_packages(path) using defaults
[0.210s] Level 1:colcon.colcon_core.package_discovery:discover_packages(prefix_path) check parameters
[0.210s] Level 1:colcon.colcon_core.package_discovery:discover_packages(prefix_path) discover
[0.211s] DEBUG:colcon.colcon_installed_package_information.package_discovery:Found 1 installed packages in /home/hyunchangkang/ros2_ws/install
[0.213s] DEBUG:colcon.colcon_installed_package_information.package_discovery:Found 271 installed packages in /opt/ros/humble
[0.214s] Level 1:colcon.colcon_core.package_discovery:discover_packages(prefix_path) using defaults
[0.252s] Level 5:colcon.colcon_core.verb:set package 'ecan_driver' build argument 'cmake_args' from command line to 'None'
[0.253s] Level 5:colcon.colcon_core.verb:set package 'ecan_driver' build argument 'cmake_target' from command line to 'None'
[0.253s] Level 5:colcon.colcon_core.verb:set package 'ecan_driver' build argument 'cmake_target_skip_unavailable' from command line to 'False'
[0.253s] Level 5:colcon.colcon_core.verb:set package 'ecan_driver' build argument 'cmake_clean_cache' from command line to 'False'
[0.253s] Level 5:colcon.colcon_core.verb:set package 'ecan_driver' build argument 'cmake_clean_first' from command line to 'False'
[0.253s] Level 5:colcon.colcon_core.verb:set package 'ecan_driver' build argument 'cmake_force_configure' from command line to 'False'
[0.253s] Level 5:colcon.colcon_core.verb:set package 'ecan_driver' build argument 'ament_cmake_args' from command line to 'None'
[0.253s] Level 5:colcon.colcon_core.verb:set package 'ecan_driver' build argument 'catkin_cmake_args' from command line to 'None'
[0.253s] Level 5:colcon.colcon_core.verb:set package 'ecan_driver' build argument 'catkin_skip_building_tests' from command line to 'False'
[0.253s] DEBUG:colcon.colcon_core.verb:Building package 'ecan_driver' with the following arguments: {'ament_cmake_args': None, 'build_base': '/home/hyunchangkang/ros2_ws/src/ecan_driver/build/ecan_driver', 'catkin_cmake_args': None, 'catkin_skip_building_tests': False, 'cmake_args': None, 'cmake_clean_cache': False, 'cmake_clean_first': False, 'cmake_force_configure': False, 'cmake_target': None, 'cmake_target_skip_unavailable': False, 'install_base': '/home/hyunchangkang/ros2_ws/src/ecan_driver/install/ecan_driver', 'merge_install': False, 'path': '/home/hyunchangkang/ros2_ws/src/ecan_driver', 'symlink_install': False, 'test_result_base': None}
[0.253s] INFO:colcon.colcon_core.executor:Executing jobs using 'parallel' executor
[0.254s] DEBUG:colcon.colcon_parallel_executor.executor.parallel:run_until_complete
[0.254s] INFO:colcon.colcon_ros.task.ament_cmake.build:Building ROS package in '/home/hyunchangkang/ros2_ws/src/ecan_driver' with build type 'ament_cmake'
[0.254s] INFO:colcon.colcon_cmake.task.cmake.build:Building CMake package in '/home/hyunchangkang/ros2_ws/src/ecan_driver'
[0.256s] INFO:colcon.colcon_core.plugin_system:Skipping extension 'colcon_core.shell.bat': Not used on non-Windows systems
[0.257s] INFO:colcon.colcon_core.shell:Skip shell extension 'powershell' for command environment: Not usable outside of PowerShell
[0.257s] DEBUG:colcon.colcon_core.shell:Skip shell extension 'dsv' for command environment
[0.266s] DEBUG:colcon.colcon_core.event_handler.log_command:Invoking command in '/home/hyunchangkang/ros2_ws/src/ecan_driver/build/ecan_driver': CMAKE_PREFIX_PATH=${CMAKE_PREFIX_PATH}:/opt/ros/humble /usr/bin/cmake /home/hyunchangkang/ros2_ws/src/ecan_driver -DCMAKE_INSTALL_PREFIX=/home/hyunchangkang/ros2_ws/src/ecan_driver/install/ecan_driver
[1.790s] DEBUG:colcon.colcon_core.event_handler.log_command:Invoked command in '/home/hyunchangkang/ros2_ws/src/ecan_driver/build/ecan_driver' returned '0': CMAKE_PREFIX_PATH=${CMAKE_PREFIX_PATH}:/opt/ros/humble /usr/bin/cmake /home/hyunchangkang/ros2_ws/src/ecan_driver -DCMAKE_INSTALL_PREFIX=/home/hyunchangkang/ros2_ws/src/ecan_driver/install/ecan_driver
[1.792s] DEBUG:colcon.colcon_core.event_handler.log_command:Invoking command in '/home/hyunchangkang/ros2_ws/src/ecan_driver/build/ecan_driver': CMAKE_PREFIX_PATH=${CMAKE_PREFIX_PATH}:/opt/ros/humble /usr/bin/cmake --build /home/hyunchangkang/ros2_ws/src/ecan_driver/build/ecan_driver -- -j8 -l8
[11.162s] DEBUG:colcon.colcon_core.event_handler.log_command:Invoked command in '/home/hyunchangkang/ros2_ws/src/ecan_driver/build/ecan_driver' returned '0': CMAKE_PREFIX_PATH=${CMAKE_PREFIX_PATH}:/opt/ros/humble /usr/bin/cmake --build /home/hyunchangkang/ros2_ws/src/ecan_driver/build/ecan_driver -- -j8 -l8
[11.171s] DEBUG:colcon.colcon_core.event_handler.log_command:Invoking command in '/home/hyunchangkang/ros2_ws/src/ecan_driver/build/ecan_driver': CMAKE_PREFIX_PATH=${CMAKE_PREFIX_PATH}:/opt/ros/humble /usr/bin/cmake --install /home/hyunchangkang/ros2_ws/src/ecan_driver/build/ecan_driver
[11.185s] Level 1:colcon.colcon_core.environment:create_environment_scripts_only(ecan_driver)
[11.186s] DEBUG:colcon.colcon_core.event_handler.log_command:Invoked command in '/home/hyunchangkang/ros2_ws/src/ecan_driver/build/ecan_driver' returned '0': CMAKE_PREFIX_PATH=${CMAKE_PREFIX_PATH}:/opt/ros/humble /usr/bin/cmake --install /home/hyunchangkang/ros2_ws/src/ecan_driver/build/ecan_driver
[11.188s] Level 1:colcon.colcon_core.environment:checking '/home/hyunchangkang/ros2_ws/src/ecan_driver/install/ecan_driver' for CMake module files
[11.188s] Level 1:colcon.colcon_core.environment:checking '/home/hyunchangkang/ros2_ws/src/ecan_driver/install/ecan_driver' for CMake config files
[11.188s] Level 1:colcon.colcon_core.shell:create_environment_hook('ecan_driver', 'cmake_prefix_path')
[11.189s] INFO:colcon.colcon_core.shell:Creating environment hook '/home/hyunchangkang/ros2_ws/src/ecan_driver/install/ecan_driver/share/ecan_driver/hook/cmake_prefix_path.ps1'
[11.189s] INFO:colcon.colcon_core.shell:Creating environment descriptor '/home/hyunchangkang/ros2_ws/src/ecan_driver/install/ecan_driver/share/ecan_driver/hook/cmake_prefix_path.dsv'
[11.190s] INFO:colcon.colcon_core.shell:Creating environment hook '/home/hyunchangkang/ros2_ws/src/ecan_driver/install/ecan_driver/share/ecan_driver/hook/cmake_prefix_path.sh'
[11.191s] Level 1:colcon.colcon_core.environment:checking '/home/hyunchangkang/ros2_ws/src/ecan_driver/install/ecan_driver/lib'
[11.191s] Level 1:colcon.colcon_core.environment:checking '/home/hyunchangkang/ros2_ws/src/ecan_driver/install/ecan_driver/bin'
[11.191s] Level 1:colcon.colcon_core.environment:checking '/home/hyunchangkang/ros2_ws/src/ecan_driver/install/ecan_driver/lib/pkgconfig/ecan_driver.pc'
[11.191s] Level 1:colcon.colcon_core.environment:checking '/home/hyunchangkang/ros2_ws/src/ecan_driver/install/ecan_driver/lib/python3.10/site-packages'
[11.192s] Level 1:colcon.colcon_core.environment:checking '/home/hyunchangkang/ros2_ws/src/ecan_driver/install/ecan_driver/bin'
[11.192s] INFO:colcon.colcon_core.shell:Creating package script '/home/hyunchangkang/ros2_ws/src/ecan_driver/install/ecan_driver/share/ecan_driver/package.ps1'
[11.193s] INFO:colcon.colcon_core.shell:Creating package descriptor '/home/hyunchangkang/ros2_ws/src/ecan_driver/install/ecan_driver/share/ecan_driver/package.dsv'
[11.193s] INFO:colcon.colcon_core.shell:Creating package script '/home/hyunchangkang/ros2_ws/src/ecan_driver/install/ecan_driver/share/ecan_driver/package.sh'
[11.194s] INFO:colcon.colcon_core.shell:Creating package script '/home/hyunchangkang/ros2_ws/src/ecan_driver/install/ecan_driver/share/ecan_driver/package.bash'
[11.195s] INFO:colcon.colcon_core.shell:Creating package script '/home/hyunchangkang/ros2_ws/src/ecan_driver/install/ecan_driver/share/ecan_driver/package.zsh'
[11.195s] Level 1:colcon.colcon_core.environment:create_file_with_runtime_dependencies(/home/hyunchangkang/ros2_ws/src/ecan_driver/install/ecan_driver/share/colcon-core/packages/ecan_driver)
[11.196s] Level 1:colcon.colcon_core.environment:create_environment_scripts_only(ecan_driver)
[11.196s] Level 1:colcon.colcon_core.environment:checking '/home/hyunchangkang/ros2_ws/src/ecan_driver/install/ecan_driver' for CMake module files
[11.197s] Level 1:colcon.colcon_core.environment:checking '/home/hyunchangkang/ros2_ws/src/ecan_driver/install/ecan_driver' for CMake config files
[11.197s] Level 1:colcon.colcon_core.shell:create_environment_hook('ecan_driver', 'cmake_prefix_path')
[11.197s] INFO:colcon.colcon_core.shell:Creating environment hook '/home/hyunchangkang/ros2_ws/src/ecan_driver/install/ecan_driver/share/ecan_driver/hook/cmake_prefix_path.ps1'
[11.197s] INFO:colcon.colcon_core.shell:Creating environment descriptor '/home/hyunchangkang/ros2_ws/src/ecan_driver/install/ecan_driver/share/ecan_driver/hook/cmake_prefix_path.dsv'
[11.198s] INFO:colcon.colcon_core.shell:Creating environment hook '/home/hyunchangkang/ros2_ws/src/ecan_driver/install/ecan_driver/share/ecan_driver/hook/cmake_prefix_path.sh'
[11.198s] Level 1:colcon.colcon_core.environment:checking '/home/hyunchangkang/ros2_ws/src/ecan_driver/install/ecan_driver/lib'
[11.198s] Level 1:colcon.colcon_core.environment:checking '/home/hyunchangkang/ros2_ws/src/ecan_driver/install/ecan_driver/bin'
[11.198s] Level 1:colcon.colcon_core.environment:checking '/home/hyunchangkang/ros2_ws/src/ecan_driver/install/ecan_driver/lib/pkgconfig/ecan_driver.pc'
[11.198s] Level 1:colcon.colcon_core.environment:checking '/home/hyunchangkang/ros2_ws/src/ecan_driver/install/ecan_driver/lib/python3.10/site-packages'
[11.199s] Level 1:colcon.colcon_core.environment:checking '/home/hyunchangkang/ros2_ws/src/ecan_driver/install/ecan_driver/bin'
[11.199s] INFO:colcon.colcon_core.shell:Creating package script '/home/hyunchangkang/ros2_ws/src/ecan_driver/install/ecan_driver/share/ecan_driver/package.ps1'
[11.200s] INFO:colcon.colcon_core.shell:Creating package descriptor '/home/hyunchangkang/ros2_ws/src/ecan_driver/install/ecan_driver/share/ecan_driver/package.dsv'
[11.200s] INFO:colcon.colcon_core.shell:Creating package script '/home/hyunchangkang/ros2_ws/src/ecan_driver/install/ecan_driver/share/ecan_driver/package.sh'
[11.200s] INFO:colcon.colcon_core.shell:Creating package script '/home/hyunchangkang/ros2_ws/src/ecan_driver/install/ecan_driver/share/ecan_driver/package.bash'
[11.201s] INFO:colcon.colcon_core.shell:Creating package script '/home/hyunchangkang/ros2_ws/src/ecan_driver/install/ecan_driver/share/ecan_driver/package.zsh'
[11.201s] Level 1:colcon.colcon_core.environment:create_file_with_runtime_dependencies(/home/hyunchangkang/ros2_ws/src/ecan_driver/install/ecan_driver/share/colcon-core/packages/ecan_driver)
[11.201s] DEBUG:colcon.colcon_parallel_executor.executor.parallel:closing loop
[11.202s] DEBUG:colcon.colcon_parallel_executor.executor.parallel:loop closed
[11.202s] DEBUG:colcon.colcon_parallel_executor.executor.parallel:run_until_complete finished with '0'
[11.202s] DEBUG:colcon.colcon_core.event_reactor:joining thread
[11.206s] INFO:colcon.colcon_core.plugin_system:Skipping extension 'colcon_notification.desktop_notification.terminal_notifier': Not used on non-Darwin systems
[11.207s] INFO:colcon.colcon_core.plugin_system:Skipping extension 'colcon_notification.desktop_notification.win32': Not used on non-Windows systems
[11.207s] INFO:colcon.colcon_notification.desktop_notification:Sending desktop notification using 'notify2'
[11.219s] DEBUG:colcon.colcon_core.event_reactor:joined thread
[11.219s] INFO:colcon.colcon_core.shell:Creating prefix script '/home/hyunchangkang/ros2_ws/src/ecan_driver/install/local_setup.ps1'
[11.220s] INFO:colcon.colcon_core.shell:Creating prefix util module '/home/hyunchangkang/ros2_ws/src/ecan_driver/install/_local_setup_util_ps1.py'
[11.221s] INFO:colcon.colcon_core.shell:Creating prefix chain script '/home/hyunchangkang/ros2_ws/src/ecan_driver/install/setup.ps1'
[11.223s] INFO:colcon.colcon_core.shell:Creating prefix script '/home/hyunchangkang/ros2_ws/src/ecan_driver/install/local_setup.sh'
[11.224s] INFO:colcon.colcon_core.shell:Creating prefix util module '/home/hyunchangkang/ros2_ws/src/ecan_driver/install/_local_setup_util_sh.py'
[11.224s] INFO:colcon.colcon_core.shell:Creating prefix chain script '/home/hyunchangkang/ros2_ws/src/ecan_driver/install/setup.sh'
[11.225s] INFO:colcon.colcon_core.shell:Creating prefix script '/home/hyunchangkang/ros2_ws/src/ecan_driver/install/local_setup.bash'
[11.226s] INFO:colcon.colcon_core.shell:Creating prefix chain script '/home/hyunchangkang/ros2_ws/src/ecan_driver/install/setup.bash'
[11.227s] INFO:colcon.colcon_core.shell:Creating prefix script '/home/hyunchangkang/ros2_ws/src/ecan_driver/install/local_setup.zsh'
[11.227s] INFO:colcon.colcon_core.shell:Creating prefix chain script '/home/hyunchangkang/ros2_ws/src/ecan_driver/install/setup.zsh'
