[0.011s] Invoking command in '/home/hyunchangkang/ros2_ws/src/ecan_driver/build/ecan_driver': CMAKE_PREFIX_PATH=${CMAKE_PREFIX_PATH}:/opt/ros/humble /usr/bin/cmake /home/hyunchangkang/ros2_ws/src/ecan_driver -DCMAKE_INSTALL_PREFIX=/home/hyunchangkang/ros2_ws/src/ecan_driver/install/ecan_driver
[0.097s] -- The C compiler identification is GNU 11.4.0
[0.154s] -- The CXX compiler identification is GNU 11.4.0
[0.162s] -- Detecting C compiler ABI info
[0.227s] -- Detecting C compiler ABI info - done
[0.235s] -- Check for working C compiler: /usr/bin/cc - skipped
[0.235s] -- Detecting C compile features
[0.236s] -- Detecting C compile features - done
[0.239s] -- Detecting CXX compiler ABI info
[0.312s] -- Detecting CXX compiler ABI info - done
[0.321s] -- Check for working CXX compiler: /usr/bin/c++ - skipped
[0.321s] -- Detecting CXX compile features
[0.322s] -- Detecting CXX compile features - done
[0.327s] -- Found ament_cmake: 1.3.12 (/opt/ros/humble/share/ament_cmake/cmake)
[0.755s] -- Found Python3: /usr/bin/python3 (found version "3.10.12") found components: Interpreter 
[0.879s] -- Found rclcpp: 16.0.16 (/opt/ros/humble/share/rclcpp/cmake)
[0.930s] -- Found rosidl_generator_c: 3.1.7 (/opt/ros/humble/share/rosidl_generator_c/cmake)
[0.935s] -- Found rosidl_adapter: 3.1.7 (/opt/ros/humble/share/rosidl_adapter/cmake)
[0.944s] -- Found rosidl_generator_cpp: 3.1.7 (/opt/ros/humble/share/rosidl_generator_cpp/cmake)
[0.963s] -- Using all available rosidl_typesupport_c: rosidl_typesupport_fastrtps_c;rosidl_typesupport_introspection_c
[0.985s] -- Using all available rosidl_typesupport_cpp: rosidl_typesupport_fastrtps_cpp;rosidl_typesupport_introspection_cpp
[1.032s] -- Found rmw_implementation_cmake: 6.1.2 (/opt/ros/humble/share/rmw_implementation_cmake/cmake)
[1.035s] -- Found rmw_fastrtps_cpp: 6.2.9 (/opt/ros/humble/share/rmw_fastrtps_cpp/cmake)
[1.119s] -- Found OpenSSL: /usr/lib/x86_64-linux-gnu/libcrypto.so (found version "3.0.2")  
[1.145s] -- Found FastRTPS: /opt/ros/humble/include  
[1.181s] -- Using RMW implementation 'rmw_fastrtps_cpp' as default
[1.189s] -- Looking for pthread.h
[1.254s] -- Looking for pthread.h - found
[1.254s] -- Performing Test CMAKE_HAVE_LIBC_PTHREAD
[1.321s] -- Performing Test CMAKE_HAVE_LIBC_PTHREAD - Success
[1.322s] -- Found Threads: TRUE  
[1.376s] -- Found sensor_msgs: 4.9.0 (/opt/ros/humble/share/sensor_msgs/cmake)
[1.410s] -- Found ament_lint_auto: 0.12.14 (/opt/ros/humble/share/ament_lint_auto/cmake)
[1.494s] -- Added test 'cppcheck' to perform static code analysis on C / C++ code
[1.494s] -- Configured cppcheck include dirs: 
[1.494s] -- Configured cppcheck exclude dirs and/or files: 
[1.495s] -- Added test 'flake8' to check Python code syntax and style conventions
[1.497s] -- Added test 'lint_cmake' to check CMake code style
[1.499s] -- Added test 'pep257' to check Python code against some of the docstring style conventions in PEP 257
[1.506s] -- Added test 'uncrustify' to check C / C++ code style
[1.506s] -- Configured uncrustify additional arguments: 
[1.508s] -- Added test 'xmllint' to check XML markup files
[1.509s] -- Configuring done
[1.521s] -- Generating done
[1.526s] -- Build files have been written to: /home/hyunchangkang/ros2_ws/src/ecan_driver/build/ecan_driver
[1.535s] Invoked command in '/home/hyunchangkang/ros2_ws/src/ecan_driver/build/ecan_driver' returned '0': CMAKE_PREFIX_PATH=${CMAKE_PREFIX_PATH}:/opt/ros/humble /usr/bin/cmake /home/hyunchangkang/ros2_ws/src/ecan_driver -DCMAKE_INSTALL_PREFIX=/home/hyunchangkang/ros2_ws/src/ecan_driver/install/ecan_driver
[1.537s] Invoking command in '/home/hyunchangkang/ros2_ws/src/ecan_driver/build/ecan_driver': CMAKE_PREFIX_PATH=${CMAKE_PREFIX_PATH}:/opt/ros/humble /usr/bin/cmake --build /home/hyunchangkang/ros2_ws/src/ecan_driver/build/ecan_driver -- -j8 -l8
[1.585s] [ 50%] [32mBuilding CXX object CMakeFiles/ProximitySensor_pub.dir/src/ProximitySensor_pub.cpp.o[0m
[1.585s] [ 50%] [32mBuilding CXX object CMakeFiles/EthernetCommunication.dir/src/EthernetCommunication.cpp.o[0m
[6.249s] [ 75%] [32m[1mLinking CXX executable EthernetCommunication[0m
[6.453s] [ 75%] Built target EthernetCommunication
[10.427s] [100%] [32m[1mLinking CXX executable ProximitySensor_pub[0m
[10.895s] [100%] Built target ProximitySensor_pub
[10.907s] Invoked command in '/home/hyunchangkang/ros2_ws/src/ecan_driver/build/ecan_driver' returned '0': CMAKE_PREFIX_PATH=${CMAKE_PREFIX_PATH}:/opt/ros/humble /usr/bin/cmake --build /home/hyunchangkang/ros2_ws/src/ecan_driver/build/ecan_driver -- -j8 -l8
[10.916s] Invoking command in '/home/hyunchangkang/ros2_ws/src/ecan_driver/build/ecan_driver': CMAKE_PREFIX_PATH=${CMAKE_PREFIX_PATH}:/opt/ros/humble /usr/bin/cmake --install /home/hyunchangkang/ros2_ws/src/ecan_driver/build/ecan_driver
[10.922s] -- Install configuration: ""
[10.922s] -- Installing: /home/hyunchangkang/ros2_ws/src/ecan_driver/install/ecan_driver/lib/ecan_driver/EthernetCommunication
[10.923s] -- Set runtime path of "/home/hyunchangkang/ros2_ws/src/ecan_driver/install/ecan_driver/lib/ecan_driver/EthernetCommunication" to ""
[10.923s] -- Installing: /home/hyunchangkang/ros2_ws/src/ecan_driver/install/ecan_driver/lib/ecan_driver/ProximitySensor_pub
[10.926s] -- Set runtime path of "/home/hyunchangkang/ros2_ws/src/ecan_driver/install/ecan_driver/lib/ecan_driver/ProximitySensor_pub" to ""
[10.926s] -- Installing: /home/hyunchangkang/ros2_ws/src/ecan_driver/install/ecan_driver/share/ecan_driver/launch
[10.926s] -- Installing: /home/hyunchangkang/ros2_ws/src/ecan_driver/install/ecan_driver/share/ecan_driver/launch/proximity_sensor.launch.py
[10.926s] -- Installing: /home/hyunchangkang/ros2_ws/src/ecan_driver/install/ecan_driver/share/ecan_driver/config
[10.926s] -- Installing: /home/hyunchangkang/ros2_ws/src/ecan_driver/install/ecan_driver/share/ecan_driver/config/config.yaml
[10.926s] -- Installing: /home/hyunchangkang/ros2_ws/src/ecan_driver/install/ecan_driver/share/ament_index/resource_index/package_run_dependencies/ecan_driver
[10.927s] -- Installing: /home/hyunchangkang/ros2_ws/src/ecan_driver/install/ecan_driver/share/ament_index/resource_index/parent_prefix_path/ecan_driver
[10.927s] -- Installing: /home/hyunchangkang/ros2_ws/src/ecan_driver/install/ecan_driver/share/ecan_driver/environment/ament_prefix_path.sh
[10.927s] -- Installing: /home/hyunchangkang/ros2_ws/src/ecan_driver/install/ecan_driver/share/ecan_driver/environment/ament_prefix_path.dsv
[10.927s] -- Installing: /home/hyunchangkang/ros2_ws/src/ecan_driver/install/ecan_driver/share/ecan_driver/environment/path.sh
[10.927s] -- Installing: /home/hyunchangkang/ros2_ws/src/ecan_driver/install/ecan_driver/share/ecan_driver/environment/path.dsv
[10.927s] -- Installing: /home/hyunchangkang/ros2_ws/src/ecan_driver/install/ecan_driver/share/ecan_driver/local_setup.bash
[10.928s] -- Installing: /home/hyunchangkang/ros2_ws/src/ecan_driver/install/ecan_driver/share/ecan_driver/local_setup.sh
[10.928s] -- Installing: /home/hyunchangkang/ros2_ws/src/ecan_driver/install/ecan_driver/share/ecan_driver/local_setup.zsh
[10.928s] -- Installing: /home/hyunchangkang/ros2_ws/src/ecan_driver/install/ecan_driver/share/ecan_driver/local_setup.dsv
[10.928s] -- Installing: /home/hyunchangkang/ros2_ws/src/ecan_driver/install/ecan_driver/share/ecan_driver/package.dsv
[10.928s] -- Installing: /home/hyunchangkang/ros2_ws/src/ecan_driver/install/ecan_driver/share/ament_index/resource_index/packages/ecan_driver
[10.928s] -- Installing: /home/hyunchangkang/ros2_ws/src/ecan_driver/install/ecan_driver/share/ecan_driver/cmake/ecan_driverConfig.cmake
[10.929s] -- Installing: /home/hyunchangkang/ros2_ws/src/ecan_driver/install/ecan_driver/share/ecan_driver/cmake/ecan_driverConfig-version.cmake
[10.929s] -- Installing: /home/hyunchangkang/ros2_ws/src/ecan_driver/install/ecan_driver/share/ecan_driver/package.xml
[10.931s] Invoked command in '/home/hyunchangkang/ros2_ws/src/ecan_driver/build/ecan_driver' returned '0': CMAKE_PREFIX_PATH=${CMAKE_PREFIX_PATH}:/opt/ros/humble /usr/bin/cmake --install /home/hyunchangkang/ros2_ws/src/ecan_driver/build/ecan_driver
